Configuration on demand is an incubating feature.
> Task :app:preBuild UP-TO-DATE
> Task :app:preAdminReleaseBuild UP-TO-DATE
> Task :app:mergeAdminReleaseJniLibFolders UP-TO-DATE
> Task :app:mergeAdminReleaseNativeLibs UP-TO-DATE
> Task :app:stripAdminReleaseDebugSymbols UP-TO-DATE
> Task :app:extractAdminReleaseNativeSymbolTables UP-TO-DATE
> Task :app:mergeAdminReleaseNativeDebugMetadata NO-SOURCE
> Task :app:mergeAdminReleaseArtProfile UP-TO-DATE
> Task :app:expandAdminReleaseL8ArtProfileWildcards UP-TO-DATE
> Task :app:checkAdminReleaseDuplicateClasses UP-TO-DATE
> Task :app:buildKotlinToolingMetadata UP-TO-DATE
> Task :app:checkKotlinGradlePluginConfigurationErrors SKIPPED
> Task :app:generateAdminReleaseBuildConfig UP-TO-DATE
> Task :app:checkAdminReleaseAarMetadata UP-TO-DATE
> Task :app:processAdminReleaseNavigationResources UP-TO-DATE
> Task :app:compileAdminReleaseNavigationResources UP-TO-DATE
> Task :app:generateAdminReleaseResValues UP-TO-DATE
> Task :app:processAdminReleaseGoogleServices UP-TO-DATE
> Task :app:mapAdminReleaseSourceSetPaths UP-TO-DATE
> Task :app:generateAdminReleaseResources UP-TO-DATE
> Task :app:mergeAdminReleaseResources UP-TO-DATE
> Task :app:packageAdminReleaseResources UP-TO-DATE
> Task :app:parseAdminReleaseLocalResources UP-TO-DATE
> Task :app:createAdminReleaseCompatibleScreenManifests UP-TO-DATE
> Task :app:extractDeepLinksAdminRelease UP-TO-DATE
> Task :app:processAdminReleaseMainManifest UP-TO-DATE
> Task :app:processAdminReleaseManifest UP-TO-DATE
> Task :app:processAdminReleaseManifestForPackage UP-TO-DATE
> Task :app:processAdminReleaseResources UP-TO-DATE
> Task :app:kspAdminReleaseKotlin UP-TO-DATE
> Task :app:compileAdminReleaseKotlin UP-TO-DATE
> Task :app:javaPreCompileAdminRelease UP-TO-DATE
> Task :app:compileAdminReleaseJavaWithJavac UP-TO-DATE
> Task :app:hiltAggregateDepsAdminRelease UP-TO-DATE
> Task :app:hiltJavaCompileAdminRelease UP-TO-DATE
> Task :app:transformAdminReleaseClassesWithAsm UP-TO-DATE
> Task :app:dexBuilderAdminRelease UP-TO-DATE
> Task :app:mergeAdminReleaseStartupProfile UP-TO-DATE
> Task :app:desugarAdminReleaseFileDependencies UP-TO-DATE
> Task :app:mergeExtDexAdminRelease UP-TO-DATE
> Task :app:mergeDexAdminRelease UP-TO-DATE
> Task :app:l8DexDesugarLibAdminRelease UP-TO-DATE
> Task :app:mergeAdminReleaseGlobalSynthetics UP-TO-DATE
> Task :app:compileAdminReleaseArtProfile UP-TO-DATE
> Task :app:mergeAdminReleaseShaders UP-TO-DATE
> Task :app:compileAdminReleaseShaders NO-SOURCE
> Task :app:generateAdminReleaseAssets UP-TO-DATE
> Task :app:mergeAdminReleaseAssets UP-TO-DATE
> Task :app:compressAdminReleaseAssets UP-TO-DATE
> Task :app:extractAdminReleaseVersionControlInfo UP-TO-DATE
> Task :app:extractProguardFiles UP-TO-DATE
> Task :app:generateAdminReleaseLintVitalReportModel UP-TO-DATE
> Task :app:lintVitalAnalyzeAdminRelease FAILED
.\gradlew.bat : 
At line:1 char:1
+ .\gradlew.bat assembleAdminRelease 
--stacktrace > build_output.log 2> ...
+ ~~~~~~~~~~~~~~~~~~~~~~~~~~~~~~~~~~~~
~~~~~~~~~~~~~~~~~~~~~~~~~~~~~~~~~
    + CategoryInfo          : NotSpec 
   ified: (:String) [], RemoteExcept  
  ion
    + FullyQualifiedErrorId : NativeC 
   ommandError
 
FAILURE: Build failed with an 
exception.

* What went wrong:
Execution failed for task 
':app:lintVitalAnalyzeAdminRelease'.
> java.nio.file.FileSystemException: C
:\Users\ravip\AndroidStudioProjects\Po
liceMobileDirectory\app\build\intermed
iates\lint-cache\lintVitalAnalyzeAdmin
Release\migrated-jars\androidx.compose
.runtime.lint.RuntimeIssueRegistry-398
cfe4c3e0a311f..jar: The process 
cannot access the file because it is 
being used by another process

* Try:
> Run with --info or --debug option 
to get more log output.
> Run with --scan to get full 
insights.
> Get more help at 
https://help.gradle.org.

* Exception is:
org.gradle.api.tasks.TaskExecutionExce
ption: Execution failed for task 
':app:lintVitalAnalyzeAdminRelease'.
	at org.gradle.api.internal.tasks.exec
ution.ExecuteActionsTaskExecuter.lambd
a$executeIfValid$1(ExecuteActionsTaskE
xecuter.java:130)
	at org.gradle.internal.Try$Failure.if
SuccessfulOrElse(Try.java:293)
	at org.gradle.api.internal.tasks.exec
ution.ExecuteActionsTaskExecuter.execu
teIfValid(ExecuteActionsTaskExecuter.j
ava:128)
	at org.gradle.api.internal.tasks.exec
ution.ExecuteActionsTaskExecuter.execu
te(ExecuteActionsTaskExecuter.java:116
)
	at org.gradle.api.internal.tasks.exec
ution.ProblemsTaskPathTrackingTaskExec
uter.execute(ProblemsTaskPathTrackingT
askExecuter.java:40)
	at org.gradle.api.internal.tasks.exec
ution.FinalizePropertiesTaskExecuter.e
xecute(FinalizePropertiesTaskExecuter.
java:46)
	at org.gradle.api.internal.tasks.exec
ution.ResolveTaskExecutionModeExecuter
.execute(ResolveTaskExecutionModeExecu
ter.java:51)
	at org.gradle.api.internal.tasks.exec
ution.SkipTaskWithNoActionsExecuter.ex
ecute(SkipTaskWithNoActionsExecuter.ja
va:57)
	at org.gradle.api.internal.tasks.exec
ution.SkipOnlyIfTaskExecuter.execute(S
kipOnlyIfTaskExecuter.java:74)
	at org.gradle.api.internal.tasks.exec
ution.CatchExceptionTaskExecuter.execu
te(CatchExceptionTaskExecuter.java:36)
	at org.gradle.api.internal.tasks.exec
ution.EventFiringTaskExecuter$1.execut
eTask(EventFiringTaskExecuter.java:77)
	at org.gradle.api.internal.tasks.exec
ution.EventFiringTaskExecuter$1.call(E
ventFiringTaskExecuter.java:55)
	at org.gradle.api.internal.tasks.exec
ution.EventFiringTaskExecuter$1.call(E
ventFiringTaskExecuter.java:52)
	at org.gradle.internal.operations.Def
aultBuildOperationRunner$CallableBuild
OperationWorker.execute(DefaultBuildOp
erationRunner.java:210)
	at org.gradle.internal.operations.Def
aultBuildOperationRunner$CallableBuild
OperationWorker.execute(DefaultBuildOp
erationRunner.java:205)
	at org.gradle.internal.operations.Def
aultBuildOperationRunner$2.execute(Def
aultBuildOperationRunner.java:67)
	at org.gradle.internal.operations.Def
aultBuildOperationRunner$2.execute(Def
aultBuildOperationRunner.java:60)
	at org.gradle.internal.operations.Def
aultBuildOperationRunner.execute(Defau
ltBuildOperationRunner.java:167)
	at org.gradle.internal.operations.Def
aultBuildOperationRunner.execute(Defau
ltBuildOperationRunner.java:60)
	at org.gradle.internal.operations.Def
aultBuildOperationRunner.call(DefaultB
uildOperationRunner.java:54)
	at org.gradle.api.internal.tasks.exec
ution.EventFiringTaskExecuter.execute(
EventFiringTaskExecuter.java:52)
	at org.gradle.execution.plan.LocalTas
kNodeExecutor.execute(LocalTaskNodeExe
cutor.java:42)
	at org.gradle.execution.taskgraph.Def
aultTaskExecutionGraph$InvokeNodeExecu
torsAction.execute(DefaultTaskExecutio
nGraph.java:331)
	at org.gradle.execution.taskgraph.Def
aultTaskExecutionGraph$InvokeNodeExecu
torsAction.execute(DefaultTaskExecutio
nGraph.java:318)
	at org.gradle.execution.taskgraph.Def
aultTaskExecutionGraph$BuildOperationA
wareExecutionAction.lambda$execute$0(D
efaultTaskExecutionGraph.java:314)
	at org.gradle.internal.operations.Cur
rentBuildOperationRef.with(CurrentBuil
dOperationRef.java:85)
	at org.gradle.execution.taskgraph.Def
aultTaskExecutionGraph$BuildOperationA
wareExecutionAction.execute(DefaultTas
kExecutionGraph.java:314)
	at org.gradle.execution.taskgraph.Def
aultTaskExecutionGraph$BuildOperationA
wareExecutionAction.execute(DefaultTas
kExecutionGraph.java:303)
	at org.gradle.execution.plan.DefaultP
lanExecutor$ExecutorWorker.execute(Def
aultPlanExecutor.java:459)
	at org.gradle.execution.plan.DefaultP
lanExecutor$ExecutorWorker.run(Default
PlanExecutor.java:376)
	at org.gradle.internal.concurrent.Exe
cutorPolicy$CatchAndRecordFailures.onE
xecute(ExecutorPolicy.java:64)
	at org.gradle.internal.concurrent.Abs
tractManagedExecutor$1.run(AbstractMan
agedExecutor.java:48)
Caused by: 
org.gradle.api.UncheckedIOException: 
java.nio.file.FileSystemException: C:\
Users\ravip\AndroidStudioProjects\Poli
ceMobileDirectory\app\build\intermedia
tes\lint-cache\lintVitalAnalyzeAdminRe
lease\migrated-jars\androidx.compose.r
untime.lint.RuntimeIssueRegistry-398cf
e4c3e0a311f..jar: The process cannot 
access the file because it is being 
used by another process
	at org.gradle.internal.UncheckedExcep
tion.throwAsUncheckedException(Uncheck
edException.java:63)
	at org.gradle.internal.UncheckedExcep
tion.throwAsUncheckedException(Uncheck
edException.java:42)
	at org.gradle.internal.reflect.JavaMe
thod.invoke(JavaMethod.java:128)
	at org.gradle.api.internal.project.ta
skfactory.StandardTaskAction.doExecute
(StandardTaskAction.java:58)
	at org.gradle.api.internal.project.ta
skfactory.StandardTaskAction.execute(S
tandardTaskAction.java:51)
	at org.gradle.api.internal.project.ta
skfactory.StandardTaskAction.execute(S
tandardTaskAction.java:29)
	at org.gradle.api.internal.tasks.exec
ution.TaskExecution$3.run(TaskExecutio
n.java:244)
	at org.gradle.internal.operations.Def
aultBuildOperationRunner$1.execute(Def
aultBuildOperationRunner.java:30)
	at org.gradle.internal.operations.Def
aultBuildOperationRunner$1.execute(Def
aultBuildOperationRunner.java:27)
	at org.gradle.internal.operations.Def
aultBuildOperationRunner$2.execute(Def
aultBuildOperationRunner.java:67)
	at org.gradle.internal.operations.Def
aultBuildOperationRunner$2.execute(Def
aultBuildOperationRunner.java:60)
	at org.gradle.internal.operations.Def
aultBuildOperationRunner.execute(Defau
ltBuildOperationRunner.java:167)
	at org.gradle.internal.operations.Def
aultBuildOperationRunner.execute(Defau
ltBuildOperationRunner.java:60)
	at org.gradle.internal.operations.Def
aultBuildOperationRunner.run(DefaultBu
ildOperationRunner.java:48)
	at org.gradle.api.internal.tasks.exec
ution.TaskExecution.executeAction(Task
Execution.java:229)
	at org.gradle.api.internal.tasks.exec
ution.TaskExecution.executeActions(Tas
kExecution.java:212)
	at org.gradle.api.internal.tasks.exec
ution.TaskExecution.executeWithPreviou
sOutputFiles(TaskExecution.java:195)
	at org.gradle.api.internal.tasks.exec
ution.TaskExecution.execute(TaskExecut
ion.java:162)
	at org.gradle.internal.execution.step
s.ExecuteStep.executeInternal(ExecuteS
tep.java:105)
	at org.gradle.internal.execution.step
s.ExecuteStep.access$000(ExecuteStep.j
ava:44)
	at org.gradle.internal.execution.step
s.ExecuteStep$1.call(ExecuteStep.java:
59)
	at org.gradle.internal.execution.step
s.ExecuteStep$1.call(ExecuteStep.java:
56)
	at org.gradle.internal.operations.Def
aultBuildOperationRunner$CallableBuild
OperationWorker.execute(DefaultBuildOp
erationRunner.java:210)
	at org.gradle.internal.operations.Def
aultBuildOperationRunner$CallableBuild
OperationWorker.execute(DefaultBuildOp
erationRunner.java:205)
	at org.gradle.internal.operations.Def
aultBuildOperationRunner$2.execute(Def
aultBuildOperationRunner.java:67)
	at org.gradle.internal.operations.Def
aultBuildOperationRunner$2.execute(Def
aultBuildOperationRunner.java:60)
	at org.gradle.internal.operations.Def
aultBuildOperationRunner.execute(Defau
ltBuildOperationRunner.java:167)
	at org.gradle.internal.operations.Def
aultBuildOperationRunner.execute(Defau
ltBuildOperationRunner.java:60)
	at org.gradle.internal.operations.Def
aultBuildOperationRunner.call(DefaultB
uildOperationRunner.java:54)
	at org.gradle.internal.execution.step
s.ExecuteStep.execute(ExecuteStep.java
:56)
	at org.gradle.internal.execution.step
s.ExecuteStep.execute(ExecuteStep.java
:44)
	at org.gradle.internal.execution.step
s.CancelExecutionStep.execute(CancelEx
ecutionStep.java:42)
	at org.gradle.internal.execution.step
s.TimeoutStep.executeWithoutTimeout(Ti
meoutStep.java:75)
	at org.gradle.internal.execution.step
s.TimeoutStep.execute(TimeoutStep.java
:55)
	at org.gradle.internal.execution.step
s.PreCreateOutputParentsStep.execute(P
reCreateOutputParentsStep.java:50)
	at org.gradle.internal.execution.step
s.PreCreateOutputParentsStep.execute(P
reCreateOutputParentsStep.java:28)
	at org.gradle.internal.execution.step
s.RemovePreviousOutputsStep.execute(Re
movePreviousOutputsStep.java:67)
	at org.gradle.internal.execution.step
s.RemovePreviousOutputsStep.execute(Re
movePreviousOutputsStep.java:37)
	at org.gradle.internal.execution.step
s.BroadcastChangingOutputsStep.execute
(BroadcastChangingOutputsStep.java:61)
	at org.gradle.internal.execution.step
s.BroadcastChangingOutputsStep.execute
(BroadcastChangingOutputsStep.java:26)
	at org.gradle.internal.execution.step
s.CaptureOutputsAfterExecutionStep.exe
cute(CaptureOutputsAfterExecutionStep.
java:69)
	at org.gradle.internal.execution.step
s.CaptureOutputsAfterExecutionStep.exe
cute(CaptureOutputsAfterExecutionStep.
java:46)
	at org.gradle.internal.execution.step
s.ResolveInputChangesStep.execute(Reso
lveInputChangesStep.java:40)
	at org.gradle.internal.execution.step
s.ResolveInputChangesStep.execute(Reso
lveInputChangesStep.java:29)
	at org.gradle.internal.execution.step
s.BuildCacheStep.executeWithoutCache(B
uildCacheStep.java:189)
	at org.gradle.internal.execution.step
s.BuildCacheStep.executeAndStoreInCach
e(BuildCacheStep.java:145)
	at org.gradle.internal.execution.step
s.BuildCacheStep.lambda$executeWithCac
he$4(BuildCacheStep.java:101)
	at org.gradle.internal.execution.step
s.BuildCacheStep.lambda$executeWithCac
he$5(BuildCacheStep.java:101)
	at org.gradle.internal.Try$Success.ma
p(Try.java:175)
	at org.gradle.internal.execution.step
s.BuildCacheStep.executeWithCache(Buil
dCacheStep.java:85)
	at org.gradle.internal.execution.step
s.BuildCacheStep.lambda$execute$0(Buil
dCacheStep.java:74)
	at org.gradle.internal.Either$Left.fo
ld(Either.java:115)
	at org.gradle.internal.execution.cach
ing.CachingState.fold(CachingState.jav
a:62)
	at org.gradle.internal.execution.step
s.BuildCacheStep.execute(BuildCacheSte
p.java:73)
	at org.gradle.internal.execution.step
s.BuildCacheStep.execute(BuildCacheSte
p.java:48)
	at org.gradle.internal.execution.step
s.StoreExecutionStateStep.execute(Stor
eExecutionStateStep.java:46)
	at org.gradle.internal.execution.step
s.StoreExecutionStateStep.execute(Stor
eExecutionStateStep.java:35)
	at org.gradle.internal.execution.step
s.SkipUpToDateStep.executeBecause(Skip
UpToDateStep.java:75)
	at org.gradle.internal.execution.step
s.SkipUpToDateStep.lambda$execute$2(Sk
ipUpToDateStep.java:53)
	at org.gradle.internal.execution.step
s.SkipUpToDateStep.execute(SkipUpToDat
eStep.java:53)
	at org.gradle.internal.execution.step
s.SkipUpToDateStep.execute(SkipUpToDat
eStep.java:35)
	at org.gradle.internal.execution.step
s.legacy.MarkSnapshottingInputsFinishe
dStep.execute(MarkSnapshottingInputsFi
nishedStep.java:37)
	at org.gradle.internal.execution.step
s.legacy.MarkSnapshottingInputsFinishe
dStep.execute(MarkSnapshottingInputsFi
nishedStep.java:27)
	at org.gradle.internal.execution.step
s.ResolveIncrementalCachingStateStep.e
xecuteDelegate(ResolveIncrementalCachi
ngStateStep.java:49)
	at org.gradle.internal.execution.step
s.ResolveIncrementalCachingStateStep.e
xecuteDelegate(ResolveIncrementalCachi
ngStateStep.java:27)
	at org.gradle.internal.execution.step
s.AbstractResolveCachingStateStep.exec
ute(AbstractResolveCachingStateStep.ja
va:71)
	at org.gradle.internal.execution.step
s.AbstractResolveCachingStateStep.exec
ute(AbstractResolveCachingStateStep.ja
va:39)
	at org.gradle.internal.execution.step
s.ResolveChangesStep.execute(ResolveCh
angesStep.java:65)
	at org.gradle.internal.execution.step
s.ResolveChangesStep.execute(ResolveCh
angesStep.java:36)
	at org.gradle.internal.execution.step
s.ValidateStep.execute(ValidateStep.ja
va:107)
	at org.gradle.internal.execution.step
s.ValidateStep.execute(ValidateStep.ja
va:56)
	at org.gradle.internal.execution.step
s.AbstractCaptureStateBeforeExecutionS
tep.execute(AbstractCaptureStateBefore
ExecutionStep.java:64)
	at org.gradle.internal.execution.step
s.AbstractCaptureStateBeforeExecutionS
tep.execute(AbstractCaptureStateBefore
ExecutionStep.java:43)
	at org.gradle.internal.execution.step
s.AbstractSkipEmptyWorkStep.executeWit
hNonEmptySources(AbstractSkipEmptyWork
Step.java:125)
	at org.gradle.internal.execution.step
s.AbstractSkipEmptyWorkStep.execute(Ab
stractSkipEmptyWorkStep.java:56)
	at org.gradle.internal.execution.step
s.AbstractSkipEmptyWorkStep.execute(Ab
stractSkipEmptyWorkStep.java:36)
	at org.gradle.internal.execution.step
s.legacy.MarkSnapshottingInputsStarted
Step.execute(MarkSnapshottingInputsSta
rtedStep.java:38)
	at org.gradle.internal.execution.step
s.LoadPreviousExecutionStateStep.execu
te(LoadPreviousExecutionStateStep.java
:36)
	at org.gradle.internal.execution.step
s.LoadPreviousExecutionStateStep.execu
te(LoadPreviousExecutionStateStep.java
:23)
	at org.gradle.internal.execution.step
s.HandleStaleOutputsStep.execute(Handl
eStaleOutputsStep.java:75)
	at org.gradle.internal.execution.step
s.HandleStaleOutputsStep.execute(Handl
eStaleOutputsStep.java:41)
	at org.gradle.internal.execution.step
s.AssignMutableWorkspaceStep.lambda$ex
ecute$0(AssignMutableWorkspaceStep.jav
a:35)
	at org.gradle.api.internal.tasks.exec
ution.TaskExecution$4.withWorkspace(Ta
skExecution.java:289)
	at org.gradle.internal.execution.step
s.AssignMutableWorkspaceStep.execute(A
ssignMutableWorkspaceStep.java:31)
47 actionable tasks: 1 executed, 46 up-to-date
	at org.gradle.internal.execution.step
s.AssignMutableWorkspaceStep.execute(A
ssignMutableWorkspaceStep.java:22)
	at org.gradle.internal.execution.step
s.ChoosePipelineStep.execute(ChoosePip
elineStep.java:40)
	at org.gradle.internal.execution.step
s.ChoosePipelineStep.execute(ChoosePip
elineStep.java:23)
	at org.gradle.internal.execution.step
s.ExecuteWorkBuildOperationFiringStep.
lambda$execute$2(ExecuteWorkBuildOpera
tionFiringStep.java:67)
	at org.gradle.internal.execution.step
s.ExecuteWorkBuildOperationFiringStep.
execute(ExecuteWorkBuildOperationFirin
gStep.java:67)
	at org.gradle.internal.execution.step
s.ExecuteWorkBuildOperationFiringStep.
execute(ExecuteWorkBuildOperationFirin
gStep.java:39)
	at org.gradle.internal.execution.step
s.IdentityCacheStep.execute(IdentityCa
cheStep.java:46)
	at org.gradle.internal.execution.step
s.IdentityCacheStep.execute(IdentityCa
cheStep.java:34)
	at org.gradle.internal.execution.step
s.IdentifyStep.execute(IdentifyStep.ja
va:48)
	at org.gradle.internal.execution.step
s.IdentifyStep.execute(IdentifyStep.ja
va:35)
	at org.gradle.internal.execution.impl
.DefaultExecutionEngine$1.execute(Defa
ultExecutionEngine.java:61)
	at org.gradle.api.internal.tasks.exec
ution.ExecuteActionsTaskExecuter.execu
teIfValid(ExecuteActionsTaskExecuter.j
ava:127)
	at org.gradle.api.internal.tasks.exec
ution.ExecuteActionsTaskExecuter.execu
te(ExecuteActionsTaskExecuter.java:116
)
	at org.gradle.api.internal.tasks.exec
ution.ProblemsTaskPathTrackingTaskExec
uter.execute(ProblemsTaskPathTrackingT
askExecuter.java:40)
	at org.gradle.api.internal.tasks.exec
ution.FinalizePropertiesTaskExecuter.e
xecute(FinalizePropertiesTaskExecuter.
java:46)
	at org.gradle.api.internal.tasks.exec
ution.ResolveTaskExecutionModeExecuter
.execute(ResolveTaskExecutionModeExecu
ter.java:51)
	at org.gradle.api.internal.tasks.exec
ution.SkipTaskWithNoActionsExecuter.ex
ecute(SkipTaskWithNoActionsExecuter.ja
va:57)
	at org.gradle.api.internal.tasks.exec
ution.SkipOnlyIfTaskExecuter.execute(S
kipOnlyIfTaskExecuter.java:74)
	at org.gradle.api.internal.tasks.exec
ution.CatchExceptionTaskExecuter.execu
te(CatchExceptionTaskExecuter.java:36)
	at org.gradle.api.internal.tasks.exec
ution.EventFiringTaskExecuter$1.execut
eTask(EventFiringTaskExecuter.java:77)
	at org.gradle.api.internal.tasks.exec
ution.EventFiringTaskExecuter$1.call(E
ventFiringTaskExecuter.java:55)
	at org.gradle.api.internal.tasks.exec
ution.EventFiringTaskExecuter$1.call(E
ventFiringTaskExecuter.java:52)
	at org.gradle.internal.operations.Def
aultBuildOperationRunner$CallableBuild
OperationWorker.execute(DefaultBuildOp
erationRunner.java:210)
	at org.gradle.internal.operations.Def
aultBuildOperationRunner$CallableBuild
OperationWorker.execute(DefaultBuildOp
erationRunner.java:205)
	at org.gradle.internal.operations.Def
aultBuildOperationRunner$2.execute(Def
aultBuildOperationRunner.java:67)
	at org.gradle.internal.operations.Def
aultBuildOperationRunner$2.execute(Def
aultBuildOperationRunner.java:60)
	at org.gradle.internal.operations.Def
aultBuildOperationRunner.execute(Defau
ltBuildOperationRunner.java:167)
	at org.gradle.internal.operations.Def
aultBuildOperationRunner.execute(Defau
ltBuildOperationRunner.java:60)
	at org.gradle.internal.operations.Def
aultBuildOperationRunner.call(DefaultB
uildOperationRunner.java:54)
	at org.gradle.api.internal.tasks.exec
ution.EventFiringTaskExecuter.execute(
EventFiringTaskExecuter.java:52)
	at org.gradle.execution.plan.LocalTas
kNodeExecutor.execute(LocalTaskNodeExe
cutor.java:42)
	at org.gradle.execution.taskgraph.Def
aultTaskExecutionGraph$InvokeNodeExecu
torsAction.execute(DefaultTaskExecutio
nGraph.java:331)
	at org.gradle.execution.taskgraph.Def
aultTaskExecutionGraph$InvokeNodeExecu
torsAction.execute(DefaultTaskExecutio
nGraph.java:318)
	at org.gradle.execution.taskgraph.Def
aultTaskExecutionGraph$BuildOperationA
wareExecutionAction.lambda$execute$0(D
efaultTaskExecutionGraph.java:314)
	at org.gradle.internal.operations.Cur
rentBuildOperationRef.with(CurrentBuil
dOperationRef.java:85)
	at org.gradle.execution.taskgraph.Def
aultTaskExecutionGraph$BuildOperationA
wareExecutionAction.execute(DefaultTas
kExecutionGraph.java:314)
	at org.gradle.execution.taskgraph.Def
aultTaskExecutionGraph$BuildOperationA
wareExecutionAction.execute(DefaultTas
kExecutionGraph.java:303)
	at org.gradle.execution.plan.DefaultP
lanExecutor$ExecutorWorker.execute(Def
aultPlanExecutor.java:459)
	at org.gradle.execution.plan.DefaultP
lanExecutor$ExecutorWorker.run(Default
PlanExecutor.java:376)
	at org.gradle.internal.concurrent.Exe
cutorPolicy$CatchAndRecordFailures.onE
xecute(ExecutorPolicy.java:64)
	at org.gradle.internal.concurrent.Abs
tractManagedExecutor$1.run(AbstractMan
agedExecutor.java:48)
Caused by: 
java.nio.file.FileSystemException: C:\
Users\ravip\AndroidStudioProjects\Poli
ceMobileDirectory\app\build\intermedia
tes\lint-cache\lintVitalAnalyzeAdminRe
lease\migrated-jars\androidx.compose.r
untime.lint.RuntimeIssueRegistry-398cf
e4c3e0a311f..jar: The process cannot 
access the file because it is being 
used by another process
	at com.android.utils.PathUtils.delete
RecursivelyIfExists(PathUtils.java:91)
	at com.android.utils.PathUtils.delete
RecursivelyIfExists(PathUtils.java:65)
	at com.android.utils.PathUtils.delete
RecursivelyIfExists(PathUtils.java:65)
	at com.android.build.gradle.internal.
lint.LintTool.initializeLintCacheDir(A
ndroidLintInputs.kt:196)
	at com.android.build.gradle.internal.
lint.AndroidLintAnalysisTask.generateC
ommandLineArguments$gradle_core(Androi
dLintAnalysisTask.kt:201)
	at com.android.build.gradle.internal.
lint.AndroidLintAnalysisTask.doTaskAct
ion(AndroidLintAnalysisTask.kt:144)
	at com.android.build.gradle.internal.
tasks.NonIncrementalTask$taskAction$$i
nlined$recordTaskAction$1.invoke(BaseT
ask.kt:79)
	at com.android.build.gradle.internal.
tasks.Blocks.recordSpan(Blocks.java:51
)
	at com.android.build.gradle.internal.
tasks.NonIncrementalTask.taskAction(No
nIncrementalTask.kt:78)
	at jdk.internal.reflect.GeneratedMeth
odAccessor69.invoke(Unknown Source)
	at java.base/jdk.internal.reflect.Del
egatingMethodAccessorImpl.invoke(Deleg
atingMethodAccessorImpl.java:43)
	at org.gradle.internal.reflect.JavaMe
thod.invoke(JavaMethod.java:125)
	... 122 more


BUILD FAILED in 2s
