Configuration on demand is an incubating feature.
> Task :app:preBuild UP-TO-DATE
> Task :app:preAdminDebugBuild UP-TO-DATE
> Task :app:mergeAdminDebugNativeDebugMetadata NO-SOURCE
> Task :app:checkKotlinGradlePluginConfigurationErrors SKIPPED
> Task :app:generateAdminDebugBuildConfig UP-TO-DATE
> Task :app:checkAdminDebugAarMetadata
> Task :app:checkAdminDebugAarMetadata UP-TO-DATE
> Task :app:processAdminDebugNavigationResources UP-TO-DATE
> Task :app:compileAdminDebugNavigationResources UP-TO-DATE
> Task :app:generateAdminDebugResValues UP-TO-DATE
> Task :app:processAdminDebugGoogleServices UP-TO-DATE
> Task :app:mapAdminDebugSourceSetPaths UP-TO-DATE
> Task :app:generateAdminDebugResources UP-TO-DATE
> Task :app:mergeAdminDebugResources UP-TO-DATE
> Task :app:packageAdminDebugResources UP-TO-DATE
> Task :app:parseAdminDebugLocalResources UP-TO-DATE
> Task :app:createAdminDebugCompatibleScreenManifests UP-TO-DATE
> Task :app:extractDeepLinksAdminDebug UP-TO-DATE
> Task :app:processAdminDebugMainManifest UP-TO-DATE
> Task :app:processAdminDebugManifest UP-TO-DATE
> Task :app:processAdminDebugManifestForPackage UP-TO-DATE
> Task :app:processAdminDebugResources UP-TO-DATE
> Task :app:kspAdminDebugKotlin UP-TO-DATE
> Task :app:javaPreCompileAdminDebug UP-TO-DATE
> Task :app:mergeAdminDebugShaders UP-TO-DATE
> Task :app:compileAdminDebugShaders NO-SOURCE
> Task :app:generateAdminDebugAssets UP-TO-DATE
> Task :app:mergeAdminDebugAssets UP-TO-DATE
> Task :app:compressAdminDebugAssets UP-TO-DATE
> Task :app:l8DexDesugarLibAdminDebug UP-TO-DATE
> Task :app:desugarAdminDebugFileDependencies UP-TO-DATE
> Task :app:checkAdminDebugDuplicateClasses UP-TO-DATE
> Task :app:mergeExtDexAdminDebug UP-TO-DATE
> Task :app:mergeLibDexAdminDebug UP-TO-DATE
> Task :app:mergeAdminDebugJniLibFolders UP-TO-DATE
> Task :app:mergeAdminDebugNativeLibs UP-TO-DATE
> Task :app:stripAdminDebugDebugSymbols UP-TO-DATE
> Task :app:validateSigningAdminDebug UP-TO-DATE
> Task :app:writeAdminDebugAppMetadata UP-TO-DATE
> Task :app:writeAdminDebugSigningConfigVersions UP-TO-DATE
> Task :app:compileAdminDebugKotlin
./gradlew : e: file:///C:/U
sers/ravip/AndroidStudioPro
jects/PoliceMobileDirectory
/app/src/admin/java/com/exa
mple/policemobiledirectory/
repository/PendingRegistrat
ionRepository.kt:64:21 No 
parameter with name 
'createdAt' found.
At line:1 char:1
+ ./gradlew 
:app:assembleAdminDebug 
--stacktrace > 
build_error.log 2>&1
+ ~~~~~~~~~~~~~~~~~~~~~~~~~
~~~~~~~~~~~~~~~~~~~~~~~~~~~
~~~~~~~~~~~~~~~~~
    + CategoryInfo         
     : NotSpecified: (e:   
  file:///C:/U...eatedAt   
 ' found.:String) [], R    
emoteException
    + FullyQualifiedErrorI 
   d : NativeCommandError
 
e: file:///C:/Users/ravip/A
ndroidStudioProjects/Police
MobileDirectory/app/src/adm
in/java/com/example/policem
obiledirectory/ui/screens/P
endingApprovalsScreen.kt:25
9:54 Unresolved reference 
'createdAt'.
e: file:///C:/Users/ravip/A
ndroidStudioProjects/Police
MobileDirectory/app/src/adm
in/java/com/example/policem
obiledirectory/utils/Employ
eeUtils.kt:18:9 'when' 
expression must be 
exhaustive. Add the 
'METAL_NUMBER' branch or 
an 'else' branch.
e: file:///C:/Users/ravip/A
ndroidStudioProjects/Police
MobileDirectory/app/src/adm
in/java/com/example/policem
obiledirectory/utils/Employ
eeUtils.kt:18:9 Argument 
type mismatch: actual type 
is 'kotlin.Unit', but 
'kotlin.Boolean' was 
expected.
e: file:///C:/Users/ravip/A
ndroidStudioProjects/Police
MobileDirectory/app/src/adm
in/java/com/example/policem
obiledirectory/utils/Employ
eeUtils.kt:19:26 
Unresolved reference 'ALL'.

> Task :app:compileAdminDebugKotlin FAILED

FAILURE: Build failed with 
an exception.

* What went wrong:
Execution failed for task '
:app:compileAdminDebugKotli
n'.
> A failure occurred while 
executing org.jetbrains.kot
lin.compilerRunner.GradleCo
mpilerRunnerWithWorkers$Gra
dleKotlinCompilerWorkAction
   > Compilation error. 
See log for more details

* Try:
> Run with --info or 
--debug option to get more 
log output.
> Run with --scan to get 
full insights.
> Get more help at 
https://help.gradle.org.

* Exception is:
org.gradle.api.tasks.TaskEx
ecutionException: 
Execution failed for task '
:app:compileAdminDebugKotli
n'.
	at org.gradle.api.internal
.tasks.execution.ExecuteAct
ionsTaskExecuter.lambda$exe
cuteIfValid$1(ExecuteAction
sTaskExecuter.java:130)
	at org.gradle.internal.Try
$Failure.ifSuccessfulOrElse
(Try.java:293)
	at org.gradle.api.internal
.tasks.execution.ExecuteAct
ionsTaskExecuter.executeIfV
alid(ExecuteActionsTaskExec
uter.java:128)
	at org.gradle.api.internal
.tasks.execution.ExecuteAct
ionsTaskExecuter.execute(Ex
ecuteActionsTaskExecuter.ja
va:116)
	at org.gradle.api.internal
.tasks.execution.ProblemsTa
skPathTrackingTaskExecuter.
execute(ProblemsTaskPathTra
ckingTaskExecuter.java:40)
	at org.gradle.api.internal
.tasks.execution.FinalizePr
opertiesTaskExecuter.execut
e(FinalizePropertiesTaskExe
cuter.java:46)
	at org.gradle.api.internal
.tasks.execution.ResolveTas
kExecutionModeExecuter.exec
ute(ResolveTaskExecutionMod
eExecuter.java:51)
	at org.gradle.api.internal
.tasks.execution.SkipTaskWi
thNoActionsExecuter.execute
(SkipTaskWithNoActionsExecu
ter.java:57)
	at org.gradle.api.internal
.tasks.execution.SkipOnlyIf
TaskExecuter.execute(SkipOn
lyIfTaskExecuter.java:74)
	at org.gradle.api.internal
.tasks.execution.CatchExcep
tionTaskExecuter.execute(Ca
tchExceptionTaskExecuter.ja
va:36)
	at org.gradle.api.internal
.tasks.execution.EventFirin
gTaskExecuter$1.executeTask
(EventFiringTaskExecuter.ja
va:77)
	at org.gradle.api.internal
.tasks.execution.EventFirin
gTaskExecuter$1.call(EventF
iringTaskExecuter.java:55)
	at org.gradle.api.internal
.tasks.execution.EventFirin
gTaskExecuter$1.call(EventF
iringTaskExecuter.java:52)
	at org.gradle.internal.ope
rations.DefaultBuildOperati
onRunner$CallableBuildOpera
tionWorker.execute(DefaultB
uildOperationRunner.java:21
0)
	at org.gradle.internal.ope
rations.DefaultBuildOperati
onRunner$CallableBuildOpera
tionWorker.execute(DefaultB
uildOperationRunner.java:20
5)
	at org.gradle.internal.ope
rations.DefaultBuildOperati
onRunner$2.execute(DefaultB
uildOperationRunner.java:67
)
	at org.gradle.internal.ope
rations.DefaultBuildOperati
onRunner$2.execute(DefaultB
uildOperationRunner.java:60
)
	at org.gradle.internal.ope
rations.DefaultBuildOperati
onRunner.execute(DefaultBui
ldOperationRunner.java:167)
	at org.gradle.internal.ope
rations.DefaultBuildOperati
onRunner.execute(DefaultBui
ldOperationRunner.java:60)
	at org.gradle.internal.ope
rations.DefaultBuildOperati
onRunner.call(DefaultBuildO
perationRunner.java:54)
	at org.gradle.api.internal
.tasks.execution.EventFirin
gTaskExecuter.execute(Event
FiringTaskExecuter.java:52)
	at org.gradle.execution.pl
an.LocalTaskNodeExecutor.ex
ecute(LocalTaskNodeExecutor
.java:42)
	at org.gradle.execution.ta
skgraph.DefaultTaskExecutio
nGraph$InvokeNodeExecutorsA
ction.execute(DefaultTaskEx
ecutionGraph.java:331)
	at org.gradle.execution.ta
skgraph.DefaultTaskExecutio
nGraph$InvokeNodeExecutorsA
ction.execute(DefaultTaskEx
ecutionGraph.java:318)
	at org.gradle.execution.ta
skgraph.DefaultTaskExecutio
nGraph$BuildOperationAwareE
xecutionAction.lambda$execu
te$0(DefaultTaskExecutionGr
aph.java:314)
	at org.gradle.internal.ope
rations.CurrentBuildOperati
onRef.with(CurrentBuildOper
ationRef.java:85)
	at org.gradle.execution.ta
skgraph.DefaultTaskExecutio
nGraph$BuildOperationAwareE
xecutionAction.execute(Defa
ultTaskExecutionGraph.java:
314)
	at org.gradle.execution.ta
skgraph.DefaultTaskExecutio
nGraph$BuildOperationAwareE
xecutionAction.execute(Defa
ultTaskExecutionGraph.java:
303)
	at org.gradle.execution.pl
an.DefaultPlanExecutor$Exec
utorWorker.execute(DefaultP
lanExecutor.java:459)
	at org.gradle.execution.pl
an.DefaultPlanExecutor$Exec
utorWorker.run(DefaultPlanE
xecutor.java:376)
	at org.gradle.internal.con
current.ExecutorPolicy$Catc
hAndRecordFailures.onExecut
e(ExecutorPolicy.java:64)
	at org.gradle.internal.con
current.AbstractManagedExec
utor$1.run(AbstractManagedE
xecutor.java:48)
Caused by: org.gradle.worke
rs.internal.DefaultWorkerEx
ecutor$WorkExecutionExcepti
on: A failure occurred 
while executing org.jetbrai
ns.kotlin.compilerRunner.Gr
adleCompilerRunnerWithWorke
rs$GradleKotlinCompilerWork
Action
	at org.gradle.workers.inte
rnal.DefaultWorkerExecutor$
WorkItemExecution.waitForCo
mpletion(DefaultWorkerExecu
tor.java:287)
	at org.gradle.internal.wor
k.DefaultAsyncWorkTracker.l
ambda$waitForItemsAndGather
Failures$2(DefaultAsyncWork
Tracker.java:130)
	at org.gradle.internal.Fac
tories$1.create(Factories.j
ava:31)
	at org.gradle.internal.wor
k.DefaultWorkerLeaseService
.withoutLocks(DefaultWorker
LeaseService.java:335)
	at org.gradle.internal.wor
k.DefaultWorkerLeaseService
.withoutLocks(DefaultWorker
LeaseService.java:318)
	at org.gradle.internal.wor
k.DefaultWorkerLeaseService
.withoutLock(DefaultWorkerL
easeService.java:323)
	at org.gradle.internal.wor
k.DefaultAsyncWorkTracker.w
aitForItemsAndGatherFailure
s(DefaultAsyncWorkTracker.j
ava:126)
	at org.gradle.internal.wor
k.DefaultAsyncWorkTracker.w
aitForItemsAndGatherFailure
s(DefaultAsyncWorkTracker.j
ava:92)
	at org.gradle.internal.wor
k.DefaultAsyncWorkTracker.w
aitForAll(DefaultAsyncWorkT
racker.java:78)
	at org.gradle.internal.wor
k.DefaultAsyncWorkTracker.w
aitForCompletion(DefaultAsy
ncWorkTracker.java:66)
	at org.gradle.api.internal
.tasks.execution.TaskExecut
ion$3.run(TaskExecution.jav
a:252)
	at org.gradle.internal.ope
rations.DefaultBuildOperati
onRunner$1.execute(DefaultB
uildOperationRunner.java:30
)
	at org.gradle.internal.ope
rations.DefaultBuildOperati
onRunner$1.execute(DefaultB
uildOperationRunner.java:27
)
	at org.gradle.internal.ope
rations.DefaultBuildOperati
onRunner$2.execute(DefaultB
uildOperationRunner.java:67
)
	at org.gradle.internal.ope
rations.DefaultBuildOperati
onRunner$2.execute(DefaultB
uildOperationRunner.java:60
)
	at org.gradle.internal.ope
rations.DefaultBuildOperati
onRunner.execute(DefaultBui
ldOperationRunner.java:167)
	at org.gradle.internal.ope
rations.DefaultBuildOperati
onRunner.execute(DefaultBui
ldOperationRunner.java:60)
	at org.gradle.internal.ope
rations.DefaultBuildOperati
onRunner.run(DefaultBuildOp
erationRunner.java:48)
	at org.gradle.api.internal
.tasks.execution.TaskExecut
ion.executeAction(TaskExecu
tion.java:229)
	at org.gradle.api.internal
.tasks.execution.TaskExecut
ion.executeActions(TaskExec
ution.java:212)
	at org.gradle.api.internal
.tasks.execution.TaskExecut
ion.executeWithPreviousOutp
utFiles(TaskExecution.java:
195)
	at org.gradle.api.internal
.tasks.execution.TaskExecut
ion.execute(TaskExecution.j
ava:162)
	at org.gradle.internal.exe
cution.steps.ExecuteStep.ex
ecuteInternal(ExecuteStep.j
ava:105)
	at org.gradle.internal.exe
cution.steps.ExecuteStep.ac
cess$000(ExecuteStep.java:4
4)
	at org.gradle.internal.exe
cution.steps.ExecuteStep$1.
call(ExecuteStep.java:59)
	at org.gradle.internal.exe
cution.steps.ExecuteStep$1.
call(ExecuteStep.java:56)
	at org.gradle.internal.ope
rations.DefaultBuildOperati
onRunner$CallableBuildOpera
tionWorker.execute(DefaultB
uildOperationRunner.java:21
0)
	at org.gradle.internal.ope
rations.DefaultBuildOperati
onRunner$CallableBuildOpera
tionWorker.execute(DefaultB
uildOperationRunner.java:20
5)
	at org.gradle.internal.ope
rations.DefaultBuildOperati
onRunner$2.execute(DefaultB
uildOperationRunner.java:67
)
	at org.gradle.internal.ope
rations.DefaultBuildOperati
onRunner$2.execute(DefaultB
uildOperationRunner.java:60
)
	at org.gradle.internal.ope
rations.DefaultBuildOperati
onRunner.execute(DefaultBui
ldOperationRunner.java:167)
	at org.gradle.internal.ope
rations.DefaultBuildOperati
onRunner.execute(DefaultBui
ldOperationRunner.java:60)
	at org.gradle.internal.ope
rations.DefaultBuildOperati
onRunner.call(DefaultBuildO
perationRunner.java:54)
	at org.gradle.internal.exe
cution.steps.ExecuteStep.ex
ecute(ExecuteStep.java:56)
	at org.gradle.internal.exe
cution.steps.ExecuteStep.ex
ecute(ExecuteStep.java:44)
	at org.gradle.internal.exe
cution.steps.CancelExecutio
nStep.execute(CancelExecuti
onStep.java:42)
	at org.gradle.internal.exe
cution.steps.TimeoutStep.ex
ecuteWithoutTimeout(Timeout
Step.java:75)
	at org.gradle.internal.exe
cution.steps.TimeoutStep.ex
ecute(TimeoutStep.java:55)
	at org.gradle.internal.exe
cution.steps.PreCreateOutpu
tParentsStep.execute(PreCre
ateOutputParentsStep.java:5
0)
	at org.gradle.internal.exe
cution.steps.PreCreateOutpu
tParentsStep.execute(PreCre
ateOutputParentsStep.java:2
8)
	at org.gradle.internal.exe
cution.steps.RemovePrevious
OutputsStep.execute(RemoveP
reviousOutputsStep.java:67)
	at org.gradle.internal.exe
cution.steps.RemovePrevious
OutputsStep.execute(RemoveP
reviousOutputsStep.java:37)
	at org.gradle.internal.exe
cution.steps.BroadcastChang
ingOutputsStep.execute(Broa
dcastChangingOutputsStep.ja
va:61)
	at org.gradle.internal.exe
cution.steps.BroadcastChang
ingOutputsStep.execute(Broa
dcastChangingOutputsStep.ja
va:26)
	at org.gradle.internal.exe
cution.steps.CaptureOutputs
AfterExecutionStep.execute(
CaptureOutputsAfterExecutio
nStep.java:69)
	at org.gradle.internal.exe
cution.steps.CaptureOutputs
AfterExecutionStep.execute(
CaptureOutputsAfterExecutio
nStep.java:46)
	at org.gradle.internal.exe
cution.steps.ResolveInputCh
angesStep.execute(ResolveIn
putChangesStep.java:40)
	at org.gradle.internal.exe
cution.steps.ResolveInputCh
angesStep.execute(ResolveIn
putChangesStep.java:29)
	at org.gradle.internal.exe
cution.steps.BuildCacheStep
.executeWithoutCache(BuildC
acheStep.java:189)
	at org.gradle.internal.exe
cution.steps.BuildCacheStep
.executeAndStoreInCache(Bui
ldCacheStep.java:145)
	at org.gradle.internal.exe
cution.steps.BuildCacheStep
.lambda$executeWithCache$4(
BuildCacheStep.java:101)
	at org.gradle.internal.exe
cution.steps.BuildCacheStep
.lambda$executeWithCache$5(
BuildCacheStep.java:101)
	at org.gradle.internal.Try
$Success.map(Try.java:175)
	at org.gradle.internal.exe
cution.steps.BuildCacheStep
.executeWithCache(BuildCach
eStep.java:85)
	at org.gradle.internal.exe
cution.steps.BuildCacheStep
.lambda$execute$0(BuildCach
eStep.java:74)
	at org.gradle.internal.Eit
her$Left.fold(Either.java:1
15)
	at org.gradle.internal.exe
cution.caching.CachingState
.fold(CachingState.java:62)
	at org.gradle.internal.exe
cution.steps.BuildCacheStep
.execute(BuildCacheStep.jav
a:73)
	at org.gradle.internal.exe
cution.steps.BuildCacheStep
.execute(BuildCacheStep.jav
a:48)
	at org.gradle.internal.exe
cution.steps.StoreExecution
StateStep.execute(StoreExec
utionStateStep.java:46)
	at org.gradle.internal.exe
cution.steps.StoreExecution
StateStep.execute(StoreExec
utionStateStep.java:35)
	at org.gradle.internal.exe
cution.steps.SkipUpToDateSt
ep.executeBecause(SkipUpToD
ateStep.java:75)
	at org.gradle.internal.exe
cution.steps.SkipUpToDateSt
ep.lambda$execute$2(SkipUpT
oDateStep.java:53)
	at org.gradle.internal.exe
cution.steps.SkipUpToDateSt
ep.execute(SkipUpToDateStep
.java:53)
	at org.gradle.internal.exe
cution.steps.SkipUpToDateSt
ep.execute(SkipUpToDateStep
.java:35)
	at org.gradle.internal.exe
cution.steps.legacy.MarkSna
pshottingInputsFinishedStep
.execute(MarkSnapshottingIn
putsFinishedStep.java:37)
	at org.gradle.internal.exe
cution.steps.legacy.MarkSna
pshottingInputsFinishedStep
.execute(MarkSnapshottingIn
putsFinishedStep.java:27)
	at org.gradle.internal.exe
cution.steps.ResolveIncreme
ntalCachingStateStep.execut
eDelegate(ResolveIncrementa
lCachingStateStep.java:49)
	at org.gradle.internal.exe
cution.steps.ResolveIncreme
ntalCachingStateStep.execut
eDelegate(ResolveIncrementa
lCachingStateStep.java:27)
	at org.gradle.internal.exe
cution.steps.AbstractResolv
eCachingStateStep.execute(A
bstractResolveCachingStateS
tep.java:71)
	at org.gradle.internal.exe
cution.steps.AbstractResolv
eCachingStateStep.execute(A
bstractResolveCachingStateS
tep.java:39)
	at org.gradle.internal.exe
cution.steps.ResolveChanges
Step.execute(ResolveChanges
Step.java:65)
	at org.gradle.internal.exe
cution.steps.ResolveChanges
Step.execute(ResolveChanges
Step.java:36)
	at org.gradle.internal.exe
cution.steps.ValidateStep.e
xecute(ValidateStep.java:10
7)
	at org.gradle.internal.exe
cution.steps.ValidateStep.e
xecute(ValidateStep.java:56
)
	at org.gradle.internal.exe
cution.steps.AbstractCaptur
eStateBeforeExecutionStep.e
xecute(AbstractCaptureState
BeforeExecutionStep.java:64
)
	at org.gradle.internal.exe
cution.steps.AbstractCaptur
eStateBeforeExecutionStep.e
xecute(AbstractCaptureState
BeforeExecutionStep.java:43
)
	at org.gradle.internal.exe
cution.steps.AbstractSkipEm
ptyWorkStep.executeWithNonE
mptySources(AbstractSkipEmp
tyWorkStep.java:125)
	at org.gradle.internal.exe
cution.steps.AbstractSkipEm
ptyWorkStep.execute(Abstrac
tSkipEmptyWorkStep.java:61)
	at org.gradle.internal.exe
cution.steps.AbstractSkipEm
ptyWorkStep.execute(Abstrac
tSkipEmptyWorkStep.java:36)
	at org.gradle.internal.exe
cution.steps.legacy.MarkSna
pshottingInputsStartedStep.
execute(MarkSnapshottingInp
utsStartedStep.java:38)
	at org.gradle.internal.exe
cution.steps.LoadPreviousEx
ecutionStateStep.execute(Lo
adPreviousExecutionStateSte
p.java:36)
	at org.gradle.internal.exe
cution.steps.LoadPreviousEx
ecutionStateStep.execute(Lo
adPreviousExecutionStateSte
p.java:23)
	at org.gradle.internal.exe
cution.steps.HandleStaleOut
putsStep.execute(HandleStal
eOutputsStep.java:75)
	at org.gradle.internal.exe
cution.steps.HandleStaleOut
putsStep.execute(HandleStal
eOutputsStep.java:41)
	at org.gradle.internal.exe
cution.steps.AssignMutableW
orkspaceStep.lambda$execute
$0(AssignMutableWorkspaceSt
ep.java:35)
	at org.gradle.api.internal
.tasks.execution.TaskExecut
ion$4.withWorkspace(TaskExe
cution.java:289)
	at org.gradle.internal.exe
cution.steps.AssignMutableW
orkspaceStep.execute(Assign
MutableWorkspaceStep.java:3
1)
	at org.gradle.internal.exe
cution.steps.AssignMutableW
orkspaceStep.execute(Assign
MutableWorkspaceStep.java:2
2)
	at org.gradle.internal.exe
cution.steps.ChoosePipeline
Step.execute(ChoosePipeline
Step.java:40)
	at org.gradle.internal.exe
cution.steps.ChoosePipeline
Step.execute(ChoosePipeline
Step.java:23)
	at org.gradle.internal.exe
cution.steps.ExecuteWorkBui
ldOperationFiringStep.lambd
a$execute$2(ExecuteWorkBuil
dOperationFiringStep.java:6
7)
	at org.gradle.internal.exe
cution.steps.ExecuteWorkBui
ldOperationFiringStep.execu
te(ExecuteWorkBuildOperatio
nFiringStep.java:67)
	at org.gradle.internal.exe
cution.steps.ExecuteWorkBui
ldOperationFiringStep.execu
te(ExecuteWorkBuildOperatio
nFiringStep.java:39)
	at org.gradle.internal.exe
cution.steps.IdentityCacheS
tep.execute(IdentityCacheSt
ep.java:46)
	at org.gradle.internal.exe
cution.steps.IdentityCacheS
tep.execute(IdentityCacheSt
ep.java:34)
	at org.gradle.internal.exe
cution.steps.IdentifyStep.e
xecute(IdentifyStep.java:48
)
	at org.gradle.internal.exe
cution.steps.IdentifyStep.e
xecute(IdentifyStep.java:35
)
	at org.gradle.internal.exe
cution.impl.DefaultExecutio
nEngine$1.execute(DefaultEx
ecutionEngine.java:61)
	at org.gradle.api.internal
.tasks.execution.ExecuteAct
ionsTaskExecuter.executeIfV
alid(ExecuteActionsTaskExec
uter.java:127)
	at org.gradle.api.internal
.tasks.execution.ExecuteAct
ionsTaskExecuter.execute(Ex
ecuteActionsTaskExecuter.ja
va:116)
	at org.gradle.api.internal
.tasks.execution.ProblemsTa
skPathTrackingTaskExecuter.
execute(ProblemsTaskPathTra
ckingTaskExecuter.java:40)
	at org.gradle.api.internal
.tasks.execution.FinalizePr
opertiesTaskExecuter.execut
e(FinalizePropertiesTaskExe
cuter.java:46)
	at org.gradle.api.internal
.tasks.execution.ResolveTas
kExecutionModeExecuter.exec
ute(ResolveTaskExecutionMod
eExecuter.java:51)
	at org.gradle.api.internal
.tasks.execution.SkipTaskWi
thNoActionsExecuter.execute
(SkipTaskWithNoActionsExecu
ter.java:57)
	at org.gradle.api.internal
.tasks.execution.SkipOnlyIf
TaskExecuter.execute(SkipOn
lyIfTaskExecuter.java:74)
	at org.gradle.api.internal
.tasks.execution.CatchExcep
tionTaskExecuter.execute(Ca
tchExceptionTaskExecuter.ja
va:36)
	at org.gradle.api.internal
.tasks.execution.EventFirin
gTaskExecuter$1.executeTask
(EventFiringTaskExecuter.ja
va:77)
	at org.gradle.api.internal
.tasks.execution.EventFirin
gTaskExecuter$1.call(EventF
iringTaskExecuter.java:55)
	at org.gradle.api.internal
.tasks.execution.EventFirin
gTaskExecuter$1.call(EventF
iringTaskExecuter.java:52)
	at org.gradle.internal.ope
rations.DefaultBuildOperati
onRunner$CallableBuildOpera
tionWorker.execute(DefaultB
uildOperationRunner.java:21
0)
	at org.gradle.internal.ope
rations.DefaultBuildOperati
onRunner$CallableBuildOpera
tionWorker.execute(DefaultB
uildOperationRunner.java:20
5)
	at org.gradle.internal.ope
rations.DefaultBuildOperati
onRunner$2.execute(DefaultB
uildOperationRunner.java:67
)
34 actionable tasks: 1 executed, 33 up-to-date
	at org.gradle.internal.ope
rations.DefaultBuildOperati
onRunner$2.execute(DefaultB
uildOperationRunner.java:60
)
	at org.gradle.internal.ope
rations.DefaultBuildOperati
onRunner.execute(DefaultBui
ldOperationRunner.java:167)
	at org.gradle.internal.ope
rations.DefaultBuildOperati
onRunner.execute(DefaultBui
ldOperationRunner.java:60)
	at org.gradle.internal.ope
rations.DefaultBuildOperati
onRunner.call(DefaultBuildO
perationRunner.java:54)
	at org.gradle.api.internal
.tasks.execution.EventFirin
gTaskExecuter.execute(Event
FiringTaskExecuter.java:52)
	at org.gradle.execution.pl
an.LocalTaskNodeExecutor.ex
ecute(LocalTaskNodeExecutor
.java:42)
	at org.gradle.execution.ta
skgraph.DefaultTaskExecutio
nGraph$InvokeNodeExecutorsA
ction.execute(DefaultTaskEx
ecutionGraph.java:331)
	at org.gradle.execution.ta
skgraph.DefaultTaskExecutio
nGraph$InvokeNodeExecutorsA
ction.execute(DefaultTaskEx
ecutionGraph.java:318)
	at org.gradle.execution.ta
skgraph.DefaultTaskExecutio
nGraph$BuildOperationAwareE
xecutionAction.lambda$execu
te$0(DefaultTaskExecutionGr
aph.java:314)
	at org.gradle.internal.ope
rations.CurrentBuildOperati
onRef.with(CurrentBuildOper
ationRef.java:85)
	at org.gradle.execution.ta
skgraph.DefaultTaskExecutio
nGraph$BuildOperationAwareE
xecutionAction.execute(Defa
ultTaskExecutionGraph.java:
314)
	at org.gradle.execution.ta
skgraph.DefaultTaskExecutio
nGraph$BuildOperationAwareE
xecutionAction.execute(Defa
ultTaskExecutionGraph.java:
303)
	at org.gradle.execution.pl
an.DefaultPlanExecutor$Exec
utorWorker.execute(DefaultP
lanExecutor.java:459)
	at org.gradle.execution.pl
an.DefaultPlanExecutor$Exec
utorWorker.run(DefaultPlanE
xecutor.java:376)
	at org.gradle.internal.con
current.ExecutorPolicy$Catc
hAndRecordFailures.onExecut
e(ExecutorPolicy.java:64)
	at org.gradle.internal.con
current.AbstractManagedExec
utor$1.run(AbstractManagedE
xecutor.java:48)
Caused by: org.jetbrains.ko
tlin.gradle.tasks.Compilati
onErrorException: 
Compilation error. See log 
for more details
	at org.jetbrains.kotlin.gr
adle.tasks.TasksUtilsKt.thr
owExceptionIfCompilationFai
led(tasksUtils.kt:21)
	at org.jetbrains.kotlin.co
mpilerRunner.GradleKotlinCo
mpilerWork.run(GradleKotlin
CompilerWork.kt:119)
	at org.jetbrains.kotlin.co
mpilerRunner.GradleCompiler
RunnerWithWorkers$GradleKot
linCompilerWorkAction.execu
te(GradleCompilerRunnerWith
Workers.kt:76)
	at org.gradle.workers.inte
rnal.DefaultWorkerServer.ex
ecute(DefaultWorkerServer.j
ava:63)
	at org.gradle.workers.inte
rnal.NoIsolationWorkerFacto
ry$1$1.create(NoIsolationWo
rkerFactory.java:66)
	at org.gradle.workers.inte
rnal.NoIsolationWorkerFacto
ry$1$1.create(NoIsolationWo
rkerFactory.java:62)
	at org.gradle.internal.cla
ssloader.ClassLoaderUtils.e
xecuteInClassloader(ClassLo
aderUtils.java:100)
	at org.gradle.workers.inte
rnal.NoIsolationWorkerFacto
ry$1.lambda$execute$0(NoIso
lationWorkerFactory.java:62
)
	at org.gradle.workers.inte
rnal.AbstractWorker$1.call(
AbstractWorker.java:44)
	at org.gradle.workers.inte
rnal.AbstractWorker$1.call(
AbstractWorker.java:41)
	at org.gradle.internal.ope
rations.DefaultBuildOperati
onRunner$CallableBuildOpera
tionWorker.execute(DefaultB
uildOperationRunner.java:21
0)
	at org.gradle.internal.ope
rations.DefaultBuildOperati
onRunner$CallableBuildOpera
tionWorker.execute(DefaultB
uildOperationRunner.java:20
5)
	at org.gradle.internal.ope
rations.DefaultBuildOperati
onRunner$2.execute(DefaultB
uildOperationRunner.java:67
)
	at org.gradle.internal.ope
rations.DefaultBuildOperati
onRunner$2.execute(DefaultB
uildOperationRunner.java:60
)
	at org.gradle.internal.ope
rations.DefaultBuildOperati
onRunner.execute(DefaultBui
ldOperationRunner.java:167)
	at org.gradle.internal.ope
rations.DefaultBuildOperati
onRunner.execute(DefaultBui
ldOperationRunner.java:60)
	at org.gradle.internal.ope
rations.DefaultBuildOperati
onRunner.call(DefaultBuildO
perationRunner.java:54)
	at org.gradle.workers.inte
rnal.AbstractWorker.execute
WrappedInBuildOperation(Abs
tractWorker.java:41)
	at org.gradle.workers.inte
rnal.NoIsolationWorkerFacto
ry$1.execute(NoIsolationWor
kerFactory.java:59)
	at org.gradle.workers.inte
rnal.DefaultWorkerExecutor.
lambda$submitWork$0(Default
WorkerExecutor.java:174)
	at org.gradle.internal.wor
k.DefaultConditionalExecuti
onQueue$ExecutionRunner.run
Execution(DefaultConditiona
lExecutionQueue.java:194)
	at org.gradle.internal.wor
k.DefaultConditionalExecuti
onQueue$ExecutionRunner.acc
ess$700(DefaultConditionalE
xecutionQueue.java:127)
	at org.gradle.internal.wor
k.DefaultConditionalExecuti
onQueue$ExecutionRunner$1.r
un(DefaultConditionalExecut
ionQueue.java:169)
	at org.gradle.internal.Fac
tories$1.create(Factories.j
ava:31)
	at org.gradle.internal.wor
k.DefaultWorkerLeaseService
.withLocks(DefaultWorkerLea
seService.java:263)
	at org.gradle.internal.wor
k.DefaultWorkerLeaseService
.runAsWorkerThread(DefaultW
orkerLeaseService.java:127)
	at org.gradle.internal.wor
k.DefaultWorkerLeaseService
.runAsWorkerThread(DefaultW
orkerLeaseService.java:132)
	at org.gradle.internal.wor
k.DefaultConditionalExecuti
onQueue$ExecutionRunner.run
Batch(DefaultConditionalExe
cutionQueue.java:164)
	at org.gradle.internal.wor
k.DefaultConditionalExecuti
onQueue$ExecutionRunner.run
(DefaultConditionalExecutio
nQueue.java:133)
	... 2 more


BUILD FAILED in 1m 38s
