Configuration on demand is an incubating feature.
> Task :app:checkKotlinGradlePluginConfigurationErrors SKIPPED
> Task :app:preBuild UP-TO-DATE
> Task :app:preAdminDebugBuild UP-TO-DATE
> Task :app:generateAdminDebugBuildConfig UP-TO-DATE
> Task :app:checkAdminDebugAarMetadata UP-TO-DATE
> Task :app:processAdminDebugNavigationResources UP-TO-DATE
> Task :app:compileAdminDebugNavigationResources UP-TO-DATE
> Task :app:generateAdminDebugResValues UP-TO-DATE
> Task :app:processAdminDebugGoogleServices UP-TO-DATE
> Task :app:mapAdminDebugSourceSetPaths UP-TO-DATE
> Task :app:generateAdminDebugResources UP-TO-DATE
> Task :app:mergeAdminDebugResources UP-TO-DATE
> Task :app:packageAdminDebugResources UP-TO-DATE
> Task :app:parseAdminDebugLocalResources UP-TO-DATE
> Task :app:createAdminDebugCompatibleScreenManifests UP-TO-DATE
> Task :app:extractDeepLinksAdminDebug UP-TO-DATE
> Task :app:processAdminDebugMainManifest UP-TO-DATE
> Task :app:processAdminDebugManifest UP-TO-DATE
> Task :app:processAdminDebugManifestForPackage UP-TO-DATE
> Task :app:processAdminDebugResources UP-TO-DATE
> Task :app:kspAdminDebugKotlin UP-TO-DATE

> Task :app:compileAdminDebugKotlin FAILED
./gradlew : e: file:///C:/U
sers/ravip/AndroidStudioPro
jects/PoliceMobileDirectory
/app/src/admin/java/com/exa
mple/policemobiledirectory/
repository/ConstantsReposit
ory.kt:20:48 Unresolved 
reference 'UnitModel'.
At line:1 char:1
+ ./gradlew :app:compileAdm
inDebugKotlin 
--console=plain > 
build_errors ...
+ ~~~~~~~~~~~~~~~~~~~~~~~~~
~~~~~~~~~~~~~~~~~~~~~~~~~~~
~~~~~~~~~~~~~~~~~
    + CategoryInfo         
     : NotSpecified: (e:   
  file:///C:/U...ce 'Uni   
 tModel'.:String) [], R    
emoteException
    + FullyQualifiedErrorI 
   d : NativeCommandError
 
e: file:///C:/Users/ravip/A
ndroidStudioProjects/Police
MobileDirectory/app/src/adm
in/java/com/example/policem
obiledirectory/repository/C
onstantsRepository.kt:175:2
1 Unresolved reference 
'UnitModel'.
e: file:///C:/Users/ravip/A
ndroidStudioProjects/Police
MobileDirectory/app/src/adm
in/java/com/example/policem
obiledirectory/repository/C
onstantsRepository.kt:185:1
5 Cannot infer type for 
this parameter. Please 
specify it explicitly.
e: file:///C:/Users/ravip/A
ndroidStudioProjects/Police
MobileDirectory/app/src/adm
in/java/com/example/policem
obiledirectory/repository/C
onstantsRepository.kt:185:2
4 Cannot infer type for 
this parameter. Please 
specify it explicitly.
e: file:///C:/Users/ravip/A
ndroidStudioProjects/Police
MobileDirectory/app/src/adm
in/java/com/example/policem
obiledirectory/repository/C
onstantsRepository.kt:185:2
9 Unresolved reference 
'name'.
e: file:///C:/Users/ravip/A
ndroidStudioProjects/Police
MobileDirectory/app/src/adm
in/java/com/example/policem
obiledirectory/repository/C
onstantsRepository.kt:192:4
0 Cannot infer type for 
this parameter. Please 
specify it explicitly.
e: file:///C:/Users/ravip/A
ndroidStudioProjects/Police
MobileDirectory/app/src/adm
in/java/com/example/policem
obiledirectory/repository/C
onstantsRepository.kt:192:4
4 Cannot infer type for 
this parameter. Please 
specify it explicitly.
e: file:///C:/Users/ravip/A
ndroidStudioProjects/Police
MobileDirectory/app/src/adm
in/java/com/example/policem
obiledirectory/repository/C
onstantsRepository.kt:192:4
9 Unresolved reference 
'name'.
e: file:///C:/Users/ravip/A
ndroidStudioProjects/Police
MobileDirectory/app/src/adm
in/java/com/example/policem
obiledirectory/repository/C
onstantsRepository.kt:192:5
6 Cannot infer type for 
this parameter. Please 
specify it explicitly.
e: file:///C:/Users/ravip/A
ndroidStudioProjects/Police
MobileDirectory/app/src/adm
in/java/com/example/policem
obiledirectory/repository/C
onstantsRepository.kt:192:5
6 Not enough information 
to infer type argument for 
'T'.
e: file:///C:/Users/ravip/A
ndroidStudioProjects/Police
MobileDirectory/app/src/adm
in/java/com/example/policem
obiledirectory/repository/C
onstantsRepository.kt:408:3
0 Unresolved reference 
'UnitModel'.
e: file:///C:/Users/ravip/A
ndroidStudioProjects/Police
MobileDirectory/app/src/adm
in/java/com/example/policem
obiledirectory/repository/C
onstantsRepository.kt:409:4
4 Unresolved reference 
'UnitModel'.
e: file:///C:/Users/ravip/A
ndroidStudioProjects/Police
MobileDirectory/app/src/adm
in/java/com/example/policem
obiledirectory/repository/C
onstantsRepository.kt:410:1
6 Cannot infer type for 
this parameter. Please 
specify it explicitly.
e: file:///C:/Users/ravip/A
ndroidStudioProjects/Police
MobileDirectory/app/src/adm
in/java/com/example/policem
obiledirectory/repository/C
onstantsRepository.kt:410:5
2 Argument type mismatch: 
actual type is 'com.example
.policemobiledirectory.repo
sitory.<anonymous>', but 'c
om.google.gson.reflect.Type
Token<kotlin.collections.Li
st<T>>' was expected.
e: file:///C:/Users/ravip/A
ndroidStudioProjects/Police
MobileDirectory/app/src/adm
in/java/com/example/policem
obiledirectory/repository/C
onstantsRepository.kt:410:7
6 Unresolved reference 
'UnitModel'.
e: file:///C:/Users/ravip/A
ndroidStudioProjects/Police
MobileDirectory/app/src/adm
in/java/com/example/policem
obiledirectory/repository/C
onstantsRepository.kt:420:1
8 Cannot infer type for 
this parameter. Please 
specify it explicitly.
e: file:///C:/Users/ravip/A
ndroidStudioProjects/Police
MobileDirectory/app/src/adm
in/java/com/example/policem
obiledirectory/repository/C
onstantsRepository.kt:420:1
8 Unresolved reference. 
None of the following 
candidates is applicable 
because of a receiver type 
mismatch:
fun <T> Collection<T>.isNot
Empty(): Boolean
e: file:///C:/Users/ravip/A
ndroidStudioProjects/Police
MobileDirectory/app/src/adm
in/java/com/example/policem
obiledirectory/repository/C
onstantsRepository.kt:420:4
4 Cannot infer type for 
this parameter. Please 
specify it explicitly.
e: file:///C:/Users/ravip/A
ndroidStudioProjects/Police
MobileDirectory/app/src/adm
in/java/com/example/policem
obiledirectory/repository/C
onstantsRepository.kt:420:4
4 Unresolved reference. 
None of the following 
candidates is applicable 
because of a receiver type 
mismatch:
fun <T, R> 
Iterable<T>.map(transform: 
(T) -> R): List<R>
e: file:///C:/Users/ravip/A
ndroidStudioProjects/Police
MobileDirectory/app/src/adm
in/java/com/example/policem
obiledirectory/repository/C
onstantsRepository.kt:420:4
8 Cannot infer type for 
this parameter. Please 
specify it explicitly.
e: file:///C:/Users/ravip/A
ndroidStudioProjects/Police
MobileDirectory/app/src/adm
in/java/com/example/policem
obiledirectory/repository/C
onstantsRepository.kt:420:5
3 Unresolved reference 
'name'.

FAILURE: Build failed with 
an exception.

* What went wrong:
Execution failed for task '
:app:compileAdminDebugKotli
n'.
> A failure occurred while 
executing org.jetbrains.kot
lin.compilerRunner.GradleCo
mpilerRunnerWithWorkers$Gra
dleKotlinCompilerWorkAction
   > Compilation error. 
See log for more details

* Try:
> Run with --stacktrace 
option to get the stack 
trace.
> Run with --info or 
--debug option to get more 
log output.
> Run with --scan to get 
full insights.
> Get more help at 
https://help.gradle.org.

BUILD FAILED in 7s
19 actionable tasks: 1 executed, 18 up-to-date
